// Jest Snapshot v1, https://goo.gl/fbAQLP

exports[`should render expense list item using fixtures expense [0]:  1`] = `
<div>
  <hr />
  <Link
    replace={false}
    to="/edit/1"
  >
    <h3>
      gum
    </h3>
  </Link>
  <p>
    Amount: 
    195
  </p>
  <p>
     Timestamp: 
    0
  </p>
</div>
`;
